<?xml version="1.0" encoding="UTF-8"?>
<testsuites name="jest tests" tests="1" failures="0" errors="0" time="3.683">
  <testsuite name="undefined" errors="0" failures="0" skipped="0" timestamp="2024-05-21T06:56:33" time="3.253" tests="1">
    <testcase classname=" fake test waiting for better" name=" fake test waiting for better" time="0.003">
    </testcase>
  </testsuite>
</testsuites>